// Jest Snapshot v1, https://goo.gl/fbAQLP

exports[`BackButton renders correctly renders correctly without styles 1`] = `null`;
