// Jest Snapshot v1, https://goo.gl/fbAQLP

exports[`PlayerScreen rendering Test Cases renders correctly screenshot match 1`] = `
<View
  accessibilityState={
    Object {
      "busy": undefined,
      "checked": undefined,
      "disabled": undefined,
      "expanded": undefined,
      "selected": undefined,
    }
  }
  accessibilityValue={
    Object {
      "max": undefined,
      "min": undefined,
      "now": undefined,
      "text": undefined,
    }
  }
  accessible={true}
  collapsable={false}
  focusable={false}
  onClick={[Function]}
  onResponderGrant={[Function]}
  onResponderMove={[Function]}
  onResponderRelease={[Function]}
  onResponderTerminate={[Function]}
  onResponderTerminationRequest={[Function]}
  onStartShouldSetResponder={[Function]}
  style={
    Object {
      "alignItems": "stretch",
      "backgroundColor": "#FFFFFF",
      "height": undefined,
      "opacity": 1,
      "width": undefined,
    }
  }
  testID="touchable-opacity"
/>
`;
