// Jest Snapshot v1, https://goo.gl/fbAQLP

exports[`AppStack renders correctly 1`] = `null`;
