// Jest Snapshot v1, https://goo.gl/fbAQLP

exports[`DrawerItemList renders correctly 1`] = `null`;

exports[`DrawerItemList renders correctly with 1`] = `null`;
