// Jest Snapshot v1, https://goo.gl/fbAQLP

exports[`BufferingWindow Test Cases renders correctly 1`] = `
<View
  style={
    Object {
      "alignItems": "center",
      "backgroundColor": "#000000",
      "flex": 1,
      "flexDirection": "column",
      "height": "100%",
      "justifyContent": "center",
      "left": 0,
      "position": "absolute",
      "top": 0,
      "width": "100%",
      "zIndex": 5,
    }
  }
  testID="buffering-view"
/>
`;
