// Jest Snapshot v1, https://goo.gl/fbAQLP

exports[`CaptionButton tests component renders correctly 1`] = `null`;

exports[`CaptionButton tests component renders correctly with 1`] = `null`;
