// Jest Snapshot v1, https://goo.gl/fbAQLP

exports[`ControlBarte sts component renders correctly 1`] = `
<View
  style={
    Object {
      "alignItems": "center",
      "flexDirection": "row",
      "justifyContent": "flex-end",
    }
  }
  testID="control-bar"
/>
`;
